{
    "target_capture = true": {
        "content": [
            {
                "0": [
                    [
                        {
                            "id": "first",
                            "seed": 40,
                            "outdir": "capsim",
                            "datatype": "target_capture"
                        },
                        [
                            "first_1.fastq.gz:md5,a0d28da7897cdce5380fd803ca43fbd8",
                            "first_2.fastq.gz:md5,4b72a945f433797a05635996d7e41bdf"
                        ]
                    ],
                    [
                        {
                            "id": "second",
                            "seed": 41,
                            "outdir": "capsim",
                            "datatype": "target_capture"
                        },
                        [
                            "second_1.fastq.gz:md5,3cb9456d6373288c877eb59ef01cb4b1",
                            "second_2.fastq.gz:md5,c5d09485a7b3dffba13fd5f8c827c498"
                        ]
                    ],
                    [
                        {
                            "id": "third",
                            "seed": 42,
                            "outdir": "capsim",
                            "datatype": "target_capture"
                        },
                        [
                            "third_1.fastq.gz:md5,b7d11fb1d6fe768d17ee9940ed90d03c",
                            "third_2.fastq.gz:md5,995ea1c4eb2bcbb55b252dac290def09"
                        ]
                    ]
                ],
                "1": [
                    [
                        {
                            "id": "target_capture"
                        },
                        "target_capture_samplesheet.csv:md5,5279e81ea6bcdee0e3d9e54f7cef1dab"
                    ]
                ],
                "samplesheet": [
                    [
                        {
                            "id": "target_capture"
                        },
                        "target_capture_samplesheet.csv:md5,5279e81ea6bcdee0e3d9e54f7cef1dab"
                    ]
                ],
                "simulated_reads": [
                    [
                        {
                            "id": "first",
                            "seed": 40,
                            "outdir": "capsim",
                            "datatype": "target_capture"
                        },
                        [
                            "first_1.fastq.gz:md5,a0d28da7897cdce5380fd803ca43fbd8",
                            "first_2.fastq.gz:md5,4b72a945f433797a05635996d7e41bdf"
                        ]
                    ],
                    [
                        {
                            "id": "second",
                            "seed": 41,
                            "outdir": "capsim",
                            "datatype": "target_capture"
                        },
                        [
                            "second_1.fastq.gz:md5,3cb9456d6373288c877eb59ef01cb4b1",
                            "second_2.fastq.gz:md5,c5d09485a7b3dffba13fd5f8c827c498"
                        ]
                    ],
                    [
                        {
                            "id": "third",
                            "seed": 42,
                            "outdir": "capsim",
                            "datatype": "target_capture"
                        },
                        [
                            "third_1.fastq.gz:md5,b7d11fb1d6fe768d17ee9940ed90d03c",
                            "third_2.fastq.gz:md5,995ea1c4eb2bcbb55b252dac290def09"
                        ]
                    ]
                ]
            }
        ],
        "timestamp": "2024-01-19T00:15:17.918173096"
    }
}